[bmcholidays.in/index.html]
[backblue.gif]
[fade.gif]
[index.html]
[bmcholidays.in/wp-content/uploads/elementor/css/custom-frontend.min72ef.css]
[bmcholidays.in/wp-content/uploads/elementor/css/post-1468972ef.css]
[bmcholidays.in/wp-content/plugins/click-to-chat-for-whatsapp/new/inc/assets/css/main70f0.css]
[bmcholidays.in/wp-content/plugins/elementor/assets/lib/font-awesome/css/font-awesome.min1849.css]
[bmcholidays.in/feed/index.html]
[bmcholidays.in/wp-content/uploads/premium-addons-elementor/pa-frontend-9316f33d5.min7fb9.css]
[bmcholidays.in/wp-content/plugins/chaty-pro/css/chaty-front.mina002.css]
[bmcholidays.in/wp-content/plugins/contact-form-7/includes/css/styles6a4d.css]
[bmcholidays.in/wp-content/plugins/woocommerce/assets/css/woocommerce-layout523e.css]
[bmcholidays.in/comments/feed/index.html]
[bmcholidays.in/wp-content/plugins/woocommerce/assets/css/woocommerce-smallscreen523e.css]
[bmcholidays.in/wp-content/plugins/woocommerce/assets/css/woocommerce523e.css]
[bmcholidays.in/wp-content/plugins/happy-elementor-addons/assets/fonts/style.min78fb.css]
[bmcholidays.in/wp-content/plugins/woocommerce/assets/css/brands523e.css]
[bmcholidays.in/wp-content/plugins/metform/public/assets/lib/cute-alert/style8603.css]
[bmcholidays.in/wp-content/plugins/metform/public/assets/css/text-editor8603.css]
[bmcholidays.in/wp-content/themes/traveler/v3/bootstrap/css/bootstrap.min6c2d.css]
[bmcholidays.in/wp-content/themes/traveler/v3/css/sweetalert26c2d.css]
[bmcholidays.in/wp-content/themes/traveler/v3/fonts/fontawesome/css/all.min6c2d.css]
[bmcholidays.in/wp-content/themes/traveler/v2/js/daterangepicker/daterangepicker6c2d.css]
[bmcholidays.in/wp-content/themes/traveler/v3/ion.rangeSlider/css/ion.rangeSlider6c2d.css]
[bmcholidays.in/wp-content/themes/traveler/v3/ion.rangeSlider/css/ion.rangeSlider.skinHTML56c2d.css]
[maxst.icons8.com/vue-static/landings/line-awesome/line-awesome/1.1.0/css/line-awesome.min6c2d.css]
[bmcholidays.in/wp-content/themes/traveler/v3/css/main6c2d.css]
[bmcholidays.in/wp-content/themes/traveler/inc/modules/layouts/elementorv2/assets/css/main6c2d.css]
[bmcholidays.in/wp-content/themes/traveler/inc/modules/layouts/cores/assets/css/traveler-icon6c2d.css]
[bmcholidays.in/wp-content/uploads/elementor/css/post-772ef.css]
[bmcholidays.in/wp-content/plugins/premium-addons-for-elementor/assets/frontend/min-css/liquid-glass.min86c2.css]
[bmcholidays.in/wp-content/plugins/elementor/assets/lib/font-awesome/css/all.min86c2.css]
[bmcholidays.in/wp-content/plugins/premium-addons-for-elementor/assets/frontend/min-css/slick.min86c2.css]
[bmcholidays.in/wp-content/plugins/elementor/assets/css/widget-heading.min20c8.css]
[bmcholidays.in/wp-content/plugins/elementor/assets/css/widget-divider.min20c8.css]
[bmcholidays.in/wp-content/plugins/elementor/assets/lib/swiper/v8/css/swiper.min94a4.css]
[bmcholidays.in/wp-content/plugins/elementor/assets/css/conditionals/e-swiper.min20c8.css]
[bmcholidays.in/wp-content/plugins/elementor/assets/css/widget-image-carousel.min20c8.css]
[bmcholidays.in/wp-content/uploads/elementor/css/post-7105ce.css]
[bmcholidays.in/wp-content/plugins/elementskit-lite/widgets/init/assets/css/widget-stylesf3df.css]
[bmcholidays.in/wp-content/plugins/elementskit-lite/widgets/init/assets/css/responsivef3df.css]
[bmcholidays.in/wp-content/plugins/happy-elementor-addons/assets/vendor/slick/slick78fb.css]
[bmcholidays.in/wp-content/plugins/happy-elementor-addons/assets/vendor/slick/slick-theme78fb.css]
[bmcholidays.in/wp-content/uploads/happyaddons/css/ha-71eae7.css]
[bmcholidays.in/wp-content/plugins/traveler-layout-essential-for-elementor/assets/css/main6c2d.css]
[bmcholidays.in/wp-content/themes/traveler/v2/css/magnific-popup6c2d.css]
[bmcholidays.in/wp-content/uploads/elementor/google-fonts/css/dmsanse3de.css]
[bmcholidays.in/wp-content/uploads/elementor/google-fonts/css/baskervvillea450.css]
[bmcholidays.in/wp-content/uploads/elementor/google-fonts/css/robotoslabde2c.css]
[bmcholidays.in/wp-content/uploads/elementor/google-fonts/css/robotofb24.css]
[bmcholidays.in/wp-content/uploads/elementor/google-fonts/css/lato61ef.css]
[bmcholidays.in/wp-content/uploads/elementor/google-fonts/css/librebaskerville8137.css]
[bmcholidays.in/wp-content/plugins/elementskit-lite/modules/elementskit-icon-pack/assets/css/ekiticonsf3df.css]
[bmcholidays.in/wp-includes/js/jquery/jquery.minf43b.js]
[bmcholidays.in/wp-includes/js/jquery/jquery-migrate.min5589.js]
[bmcholidays.in/wp-content/plugins/woocommerce/assets/js/jquery-blockui/jquery.blockUI.mina876.js]
[bmcholidays.in/wp-content/plugins/woocommerce/assets/js/frontend/add-to-cart.min523e.js]
[bmcholidays.in/wp-content/plugins/woocommerce/assets/js/js-cookie/js.cookie.min2d4a.js]
[bmcholidays.in/wp-content/plugins/woocommerce/assets/js/frontend/woocommerce.min523e.js]
[bmcholidays.in/wp-content/plugins/happy-elementor-addons/assets/vendor/dom-purify/purify.min005e.js]
[bmcholidays.in/wp-content/themes/traveler/v2/js/magnific-popup/jquery.magnific-popup.min6c2d.js]
[bmcholidays.in/wp-json/index.html]
[bmcholidays.in/wp-json/wp/v2/pages/71.json]
[bmcholidays.in/xmlrpc0db0.php]
[bmcholidays.in/wp-json/oembed/1.0/embed29be.json]
[bmcholidays.in/wp-json/oembed/1.0/embed2eb6]
[apis.google.com/js/platform.js]
[bmcholidays.in/wp-content/uploads/2022/04/Logo-32x136-1.png]
[bmcholidays.in/wp-content/uploads/2022/04/cropped-Bmc-Logo.png]
[bmcholidays.in/wp-content/uploads/2025/01/1.jpg]
[bmcholidays.in/wp-content/uploads/2025/01/2.jpg]
[bmcholidays.in/wp-content/uploads/2025/01/3.jpg]
[bmcholidays.in/wp-content/uploads/2025/01/4.jpg]
[bmcholidays.in/wp-content/uploads/2025/01/5.jpg]
[bmcholidays.in/wp-content/uploads/2025/01/6.jpg]
[bmcholidays.in/wp-content/uploads/2025/01/7.jpg]
[bmcholidays.in/wp-content/uploads/2025/01/8.jpg]
[bmcholidays.in/about/index.html]
[bmcholidays.in/south-india-tour/index.html]
[bmcholidays.in/wp-content/uploads/2025/01/2.png]
[bmcholidays.in/wp-content/uploads/premium-addons-elementor/pa-frontend-9316f33d5.min7fb9.js]
[bmcholidays.in/index.html]
[bmcholidays.in/wp-content/uploads/elementor/css/custom-frontend.min72ef.css]
[bmcholidays.in/wp-content/uploads/elementor/css/post-1468972ef.css]
[bmcholidays.in/wp-content/plugins/click-to-chat-for-whatsapp/new/inc/assets/css/main70f0.css]
[bmcholidays.in/wp-content/plugins/elementor/assets/lib/font-awesome/css/font-awesome.min1849.css]
[bmcholidays.in/wp-content/uploads/premium-addons-elementor/pa-frontend-9316f33d5.min7fb9.css]
[bmcholidays.in/wp-content/plugins/chaty-pro/css/chaty-front.mina002.css]
[bmcholidays.in/wp-content/plugins/contact-form-7/includes/css/styles6a4d.css]
[bmcholidays.in/wp-content/plugins/woocommerce/assets/css/woocommerce-layout523e.css]
[bmcholidays.in/wp-content/plugins/woocommerce/assets/css/woocommerce-smallscreen523e.css]
[bmcholidays.in/wp-content/plugins/woocommerce/assets/css/woocommerce523e.css]
[bmcholidays.in/wp-content/plugins/happy-elementor-addons/assets/fonts/style.min78fb.css]
[bmcholidays.in/wp-content/plugins/woocommerce/assets/css/brands523e.css]
[bmcholidays.in/wp-content/plugins/metform/public/assets/lib/cute-alert/style8603.css]
[bmcholidays.in/wp-content/plugins/metform/public/assets/css/text-editor8603.css]
[bmcholidays.in/wp-content/themes/traveler/v3/bootstrap/css/bootstrap.min6c2d.css]
[bmcholidays.in/wp-content/themes/traveler/v3/css/sweetalert26c2d.css]
[bmcholidays.in/wp-content/themes/traveler/v3/fonts/fontawesome/css/all.min6c2d.css]
[bmcholidays.in/wp-content/themes/traveler/v2/js/daterangepicker/daterangepicker6c2d.css]
[bmcholidays.in/wp-content/themes/traveler/v3/ion.rangeSlider/css/ion.rangeSlider6c2d.css]
[bmcholidays.in/wp-content/themes/traveler/v3/ion.rangeSlider/css/ion.rangeSlider.skinHTML56c2d.css]
[maxst.icons8.com/vue-static/landings/line-awesome/line-awesome/1.1.0/css/line-awesome.min6c2d.css]
[bmcholidays.in/wp-content/themes/traveler/v3/css/main6c2d.css]
[bmcholidays.in/wp-content/themes/traveler/inc/modules/layouts/elementorv2/assets/css/main6c2d.css]
[bmcholidays.in/wp-content/themes/traveler/inc/modules/layouts/cores/assets/css/traveler-icon6c2d.css]
[bmcholidays.in/wp-content/uploads/elementor/css/post-772ef.css]
[bmcholidays.in/wp-content/plugins/premium-addons-for-elementor/assets/frontend/min-css/liquid-glass.min86c2.css]
[bmcholidays.in/wp-content/plugins/elementor/assets/lib/font-awesome/css/all.min86c2.css]
[bmcholidays.in/wp-content/plugins/premium-addons-for-elementor/assets/frontend/min-css/slick.min86c2.css]
[bmcholidays.in/wp-content/plugins/elementor/assets/css/widget-heading.min20c8.css]
[bmcholidays.in/wp-content/plugins/elementor/assets/css/widget-divider.min20c8.css]
[bmcholidays.in/wp-content/plugins/elementor/assets/css/widget-image.min20c8.css]
[bmcholidays.in/wp-content/plugins/elementor/assets/lib/swiper/v8/css/swiper.min94a4.css]
[bmcholidays.in/wp-content/plugins/elementor/assets/css/conditionals/e-swiper.min20c8.css]
[bmcholidays.in/wp-content/plugins/elementor/assets/css/widget-image-carousel.min20c8.css]
[bmcholidays.in/wp-content/uploads/elementor/css/post-7105ce.css]
[bmcholidays.in/wp-content/plugins/elementskit-lite/widgets/init/assets/css/widget-stylesf3df.css]
[bmcholidays.in/wp-content/plugins/elementskit-lite/widgets/init/assets/css/responsivef3df.css]
[bmcholidays.in/wp-content/plugins/happy-elementor-addons/assets/vendor/slick/slick78fb.css]
[bmcholidays.in/wp-content/plugins/happy-elementor-addons/assets/vendor/slick/slick-theme78fb.css]
[bmcholidays.in/wp-content/uploads/happyaddons/css/ha-71eae7.css]
[bmcholidays.in/wp-content/plugins/traveler-layout-essential-for-elementor/assets/css/main6c2d.css]
[bmcholidays.in/wp-content/themes/traveler/v2/css/magnific-popup6c2d.css]
[bmcholidays.in/wp-content/uploads/elementor/google-fonts/css/dmsanse3de.css]
[bmcholidays.in/wp-content/uploads/elementor/google-fonts/css/baskervvillea450.css]
[bmcholidays.in/wp-content/uploads/elementor/google-fonts/css/robotoslabde2c.css]
[bmcholidays.in/wp-content/uploads/elementor/google-fonts/css/robotofb24.css]
[bmcholidays.in/wp-content/uploads/elementor/google-fonts/css/lato61ef.css]
[bmcholidays.in/wp-content/uploads/elementor/google-fonts/css/librebaskerville8137.css]
[bmcholidays.in/wp-content/plugins/elementskit-lite/modules/elementskit-icon-pack/assets/css/ekiticonsf3df.css]
[bmcholidays.in/wp-includes/js/jquery/jquery.minf43b.js]
[bmcholidays.in/wp-includes/js/jquery/jquery-migrate.min5589.js]
[bmcholidays.in/wp-content/plugins/woocommerce/assets/js/jquery-blockui/jquery.blockUI.mina876.js]
[bmcholidays.in/wp-content/plugins/woocommerce/assets/js/frontend/add-to-cart.min523e.js]
[bmcholidays.in/wp-content/plugins/woocommerce/assets/js/js-cookie/js.cookie.min2d4a.js]
[bmcholidays.in/wp-content/plugins/woocommerce/assets/js/frontend/woocommerce.min523e.js]
[bmcholidays.in/wp-content/plugins/happy-elementor-addons/assets/vendor/dom-purify/purify.min005e.js]
[bmcholidays.in/wp-content/themes/traveler/v2/js/magnific-popup/jquery.magnific-popup.min6c2d.js]
[www.googletagmanager.com/gtm5445.html]
[bmcholidays.in/about/index.html]
[bmcholidays.in/south-india-tour/index.html]
[bmcholidays.in/kerala-tour-package/index.html]
[bmcholidays.in/karnataka-tour-package/index.html]
[bmcholidays.in/tamilnadu-tour-package/index.html]
[bmcholidays.in/supercabs/index.html]
[bmcholidays.in/contact/index.html]
[bmcholidays.in/wp-content/uploads/2025/01/images-32.jpeg-1.html]
[bmcholidays.in/wp-content/uploads/2025/01/3.html]
[bmcholidays.in/wp-content/uploads/2025/01/taxi-solan-1024x655-1-980x627-1.html]
[bmcholidays.in/wp-content/uploads/2025/01/Innova-removebg-preview-480x286-1.html]
[bmcholidays.in/wp-content/uploads/2025/01/20180411_ff1bc385667-480x240-2.html]
[bmcholidays.in/wp-content/uploads/2025/01/Tempo-Traveller-min-980x651-1.html]
[bmcholidays.in/wp-content/uploads/2025/01/Untitled-design-80-e1628425536544-480x364-1.html]
[bmcholidays.in/wp-content/uploads/2025/01/ttw-logo.html]
[bmcholidays.in/wp-content/uploads/2025/01/pngegg.html]
[bmcholidays.in/wp-content/uploads/2025/01/damini.html]
[bmcholidays.in/wp-content/uploads/2025/01/mohammed.html]
[bmcholidays.in/wp-content/uploads/2025/01/pavan.html]
[bmcholidays.in/wp-content/uploads/2025/01/shambu.html]
[bmcholidays.in/wp-content/uploads/2025/01/Sagar2.html]
[bmcholidays.in/wp-content/uploads/2025/01/A.html]
[bmcholidays.in/wp-content/uploads/2025/01/v.html]
[bmcholidays.in/wp-content/uploads/2025/01/Udupi-1-768x561.html]
[bmcholidays.in/wp-content/uploads/2025/01/Bangalore-1-768x561.html]
[bmcholidays.in/wp-content/uploads/2025/01/chikkamaluru-1-768x561.html]
[bmcholidays.in/wp-content/uploads/2025/01/wayanadu-2-768x561.html]
[bmcholidays.in/wp-content/uploads/2025/01/Kodakenal-1-768x561.html]
[bmcholidays.in/wp-content/uploads/2025/01/Mdurai-1-768x561.html]
[bmcholidays.in/wp-content/uploads/2025/01/Mangalore-1-768x561.html]
[bmcholidays.in/wp-content/uploads/2025/01/coorg-1-1-768x561.html]
[bmcholidays.in/privacy-policy/index.html]
[bmcholidays.in/wp-content/plugins/woocommerce/assets/client/blocks/wc-blocksde44.html]
[bmcholidays.in/wp-content/plugins/woocommerce-currency-switcher/css/front8e0a.html]
[bmcholidays.in/wp-content/plugins/elementor/assets/lib/font-awesome/css/v4-shims.min20c8.html]
[bmcholidays.in/wp-content/uploads/forminator/14418_227b605c1f5917121925b20b81a665b4/css/style-144181bf2.html]
[bmcholidays.in/wp-content/plugins/forminator/assets/forminator-ui/css/forminator-icons.min34f5.html]
[bmcholidays.in/wp-content/plugins/forminator/assets/forminator-ui/css/src/forminator-utilities.min34f5.html]
[bmcholidays.in/wp-content/plugins/forminator/assets/forminator-ui/css/src/grid/forminator-grid.open.min34f5.html]
[bmcholidays.in/wp-content/plugins/forminator/assets/forminator-ui/css/src/form/forminator-form-flat.base.min34f5.html]
[bmcholidays.in/wp-content/plugins/forminator/assets/css/intlTelInput.minfa0c.html]
[bmcholidays.in/wp-includes/css/buttons.min6c2d.html]
[bmcholidays.in/wp-content/uploads/elementor/css/post-979c64.html]
[bmcholidays.in/wp-content/plugins/elementor/assets/css/widget-social-icons.min20c8.html]
[bmcholidays.in/wp-content/uploads/elementor/css/custom-apple-webkit.min72ef.html]
[bmcholidays.in/wp-content/uploads/elementor/css/custom-widget-icon-list.min72ef.html]
[bmcholidays.in/wp-content/plugins/click-to-chat-pro/public/assets/js/pro51cb.html]
[bmcholidays.in/wp-content/plugins/click-to-chat-for-whatsapp/new/inc/assets/js/app70f0.html]
[bmcholidays.in/wp-content/uploads/premium-addons-elementor/pa-frontend-9316f33d5.min7fb9.js]
[bmcholidays.in/wp-content/plugins/chaty-pro/js/cht-front-script.mina002.html]
[bmcholidays.in/wp-includes/js/dist/hooks.min4fdd.html]
[bmcholidays.in/wp-includes/js/dist/i18n.minc33c.html]
[bmcholidays.in/wp-content/plugins/contact-form-7/includes/swv/js/index6a4d.html]
[bmcholidays.in/wp-content/plugins/contact-form-7/includes/js/index6a4d.html]
[bmcholidays.in/wp-content/plugins/happy-elementor-addons/assets/js/happy-addons.min78fb.html]
[bmcholidays.in/wp-content/plugins/metform/public/assets/lib/cute-alert/cute-alert8603.html]
[bmcholidays.in/wp-content/themes/traveler/v3/bootstrap/popper.min.html]
[bmcholidays.in/wp-content/themes/traveler/v3/js/sweetalert2.min.html]
[bmcholidays.in/wp-content/themes/traveler/v3/bootstrap/js/bootstrap.bundle.min.html]
[bmcholidays.in/wp-content/themes/traveler/v2/js/jquery.nicescroll.min.html]
[bmcholidays.in/wp-content/themes/traveler/v2/js/jquery.matchHeight.html]
[bmcholidays.in/wp-content/themes/traveler/v3/ion.rangeSlider/js/ion-rangeSlider/ion.rangeSlider.html]
[bmcholidays.in/wp-includes/js/dist/vendor/moment.minf799.html]
[bmcholidays.in/wp-content/themes/traveler/v2/js/daterangepicker/daterangepicker.html]
[bmcholidays.in/wp-content/themes/traveler/v3/js/filter/custom-map-google.html]
[bmcholidays.in/wp-content/themes/traveler/v3/js/form-search.html]
[bmcholidays.in/wp-content/themes/traveler/v3/js/elementor.html]
[bmcholidays.in/wp-content/themes/traveler/v3/js/main.html]
[bmcholidays.in/wp-content/themes/traveler/js/sticky.html]
[bmcholidays.in/wp-content/themes/traveler/inc/modules/layouts/elementorv2/assets/vendors/markerwithlabel6c2d.html]
[bmcholidays.in/wp-content/themes/traveler/inc/modules/layouts/elementorv2/assets/js/main6c2d.html]
[bmcholidays.in/wp-content/plugins/elementskit-lite/libs/framework/assets/js/frontend-scriptf3df.html]
[bmcholidays.in/wp-content/plugins/elementskit-lite/widgets/init/assets/js/widget-scriptsf3df.html]
[bmcholidays.in/wp-content/plugins/woocommerce/assets/js/sourcebuster/sourcebuster.min523e.html]
[bmcholidays.in/wp-content/plugins/woocommerce/assets/js/frontend/order-attribution.min523e.html]
[bmcholidays.in/wp-content/plugins/happy-elementor-addons/assets/js/extension-reading-progress-bar.min78fb.html]
[bmcholidays.in/wp-content/plugins/premium-addons-for-elementor/assets/frontend/min-js/slick.min86c2.html]
[bmcholidays.in/wp-content/plugins/elementor/assets/js/webpack.runtime.min20c8.html]
[bmcholidays.in/wp-content/plugins/elementor/assets/js/frontend-modules.min20c8.html]
[bmcholidays.in/wp-includes/js/jquery/ui/core.minb37e.html]
[bmcholidays.in/wp-content/plugins/elementor/assets/js/frontend.min20c8.html]
[bmcholidays.in/wp-content/plugins/elementor/assets/lib/swiper/v8/swiper.min94a4.html]
[bmcholidays.in/wp-content/plugins/happy-elementor-addons/assets/vendor/slick/slick.min78fb.html]
[bmcholidays.in/wp-content/plugins/traveler-layout-essential-for-elementor/assets/js/st-library-slider6c2d.html]
[bmcholidays.in/wp-content/plugins/traveler-layout-essential-for-elementor/assets/js/st-custom6c2d.html]
[bmcholidays.in/wp-includes/js/jquery/ui/mouse.minb37e.html]
[bmcholidays.in/wp-includes/js/jquery/ui/slider.minb37e.html]
[bmcholidays.in/wp-content/plugins/woocommerce/assets/js/jquery-ui-touch-punch/jquery-ui-touch-punch.min523e.html]
[bmcholidays.in/wp-content/plugins/woocommerce-currency-switcher/js/price-slider_338e0a.html]
[bmcholidays.in/wp-content/plugins/woocommerce-currency-switcher/js/real-active-filters8e0a.html]
[bmcholidays.in/wp-content/plugins/woocommerce-currency-switcher/js/real-price-filter-frontend8e0a.html]
[bmcholidays.in/wp-content/plugins/woocommerce-currency-switcher/js/jquery.ddslick.min8e0a.html]
[bmcholidays.in/wp-admin/admin-ajax.html]
[bmcholidays.in/wp-content/plugins/woocommerce-currency-switcher/js/front8e0a.html]
[bmcholidays.in/wp-content/plugins/elementor/assets/lib/font-awesome/js/v4-shims.min20c8.html]
[bmcholidays.in/wp-content/plugins/forminator/assets/js/library/jquery.validate.min34f5.html]
[bmcholidays.in/wp-content/plugins/forminator/assets/forminator-ui/js/forminator-form.min34f5.html]
[bmcholidays.in/wp-content/plugins/forminator/build/front/front.multi.min34f5.html]
[bmcholidays.in/wp-content/plugins/forminator/assets/js/library/intlTelInput.min34f5.html]
[bmcholidays.in/wp-content/plugins/elementskit-lite/widgets/init/assets/js/animate-circle.minf3df.html]
[bmcholidays.in/wp-content/plugins/elementskit-lite/widgets/init/assets/js/elementorf3df.html]
[bmcholidays.in/wp-content/plugins/elementor/assets/lib/font-awesome/fonts/fontawesome-webfont3e6e.html]
[bmcholidays.in/wp-content/plugins/elementor/assets/lib/font-awesome/fonts/fontawesome-webfontd41d.html]
[bmcholidays.in/wp-content/plugins/elementor/assets/lib/font-awesome/fonts/fontawesome-webfont3e6e-2.html]
[bmcholidays.in/wp-content/plugins/elementor/assets/lib/font-awesome/fonts/fontawesome-webfont3e6e-3.html]
[bmcholidays.in/wp-content/plugins/elementor/assets/lib/font-awesome/fonts/fontawesome-webfont3e6e-4.html]
[bmcholidays.in/wp-content/plugins/elementor/assets/lib/font-awesome/fonts/fontawesome-webfont3e6e-5.html]
[bmcholidays.in/wp-content/plugins/chaty-pro/images/whatsapp.html]
[bmcholidays.in/wp-content/plugins/chaty-pro/images/header-top.html]
[bmcholidays.in/wp-content/plugins/chaty-pro/images/header-bottom.html]
[bmcholidays.in/wp-content/plugins/woocommerce/assets/fonts/WooCommerce.html]
[bmcholidays.in/wp-content/plugins/woocommerce/assets/fonts/WooCommerce-2.html]
[bmcholidays.in/wp-content/plugins/woocommerce/assets/fonts/WooCommerce-3.html]
[bmcholidays.in/wp-content/plugins/woocommerce/assets/images/icons/loader.html]
[bmcholidays.in/wp-content/plugins/happy-elementor-addons/assets/fonts/happy-icons.html]
[bmcholidays.in/wp-content/plugins/happy-elementor-addons/assets/fonts/happy-icons-2.html]
[bmcholidays.in/wp-content/plugins/happy-elementor-addons/assets/fonts/happy-icons-3.html]
[bmcholidays.in/wp-content/themes/traveler/v3/fonts/fontawesome/webfonts/fa-brands-400.html]
[bmcholidays.in/wp-content/themes/traveler/v3/fonts/fontawesome/webfonts/fa-brands-400d41d.html]
[bmcholidays.in/wp-content/themes/traveler/v3/fonts/fontawesome/webfonts/fa-brands-401.html]
[bmcholidays.in/wp-content/themes/traveler/v3/fonts/fontawesome/webfonts/fa-brands-402.html]
[bmcholidays.in/wp-content/themes/traveler/v3/fonts/fontawesome/webfonts/fa-brands-403.html]
[bmcholidays.in/wp-content/themes/traveler/v3/fonts/fontawesome/webfonts/fa-brands-404.html]
[bmcholidays.in/wp-content/themes/traveler/v3/fonts/fontawesome/webfonts/fa-regular-400.html]
[bmcholidays.in/wp-content/themes/traveler/v3/fonts/fontawesome/webfonts/fa-regular-400d41d.html]
[bmcholidays.in/wp-content/themes/traveler/v3/fonts/fontawesome/webfonts/fa-regular-401.html]
[bmcholidays.in/wp-content/themes/traveler/v3/fonts/fontawesome/webfonts/fa-regular-402.html]
[bmcholidays.in/wp-content/themes/traveler/v3/fonts/fontawesome/webfonts/fa-regular-403.html]
[bmcholidays.in/wp-content/themes/traveler/v3/fonts/fontawesome/webfonts/fa-regular-404.html]
[bmcholidays.in/wp-content/themes/traveler/v3/fonts/fontawesome/webfonts/fa-solid-900.html]
[bmcholidays.in/wp-content/themes/traveler/v3/fonts/fontawesome/webfonts/fa-solid-900d41d.html]
[bmcholidays.in/wp-content/themes/traveler/v3/fonts/fontawesome/webfonts/fa-solid-901.html]
[bmcholidays.in/wp-content/themes/traveler/v3/fonts/fontawesome/webfonts/fa-solid-902.html]
[bmcholidays.in/wp-content/themes/traveler/v3/fonts/fontawesome/webfonts/fa-solid-903.html]
[bmcholidays.in/wp-content/themes/traveler/v3/fonts/fontawesome/webfonts/fa-solid-904.html]
[bmcholidays.in/wp-content/themes/traveler/v2/images/svg/ico_search_white.html]
[bmcholidays.in/wp-content/themes/traveler/v2/images/svg/ico_next.html]
[bmcholidays.in/wp-content/themes/traveler/v2/images/svg/ico_pre.html]
[bmcholidays.in/wp-content/themes/traveler/v2/images/svg/ico_full_3.html]
[bmcholidays.in/wp-content/themes/traveler/v2/images/arow_left.html]
[bmcholidays.in/wp-content/themes/traveler/v2/images/arrow_right.html]
[bmcholidays.in/wp-content/themes/traveler/v2/images/svg/ico_add-circle.html]
[bmcholidays.in/wp-content/themes/traveler/v2/images/test.html]
[bmcholidays.in/wp-content/themes/traveler/v2/images/test2.html]
[bmcholidays.in/wp-content/themes/traveler/v2/images/svg/ico_search_header.html]
[bmcholidays.in/wp-content/themes/traveler/v2/images/map-view.html]
[bmcholidays.in/wp-content/themes/traveler/v3/images/Vector.html]
[bmcholidays.in/wp-content/themes/traveler/v3/images/chevron-down.html]
[bmcholidays.in/wp-content/themes/traveler/v3/images/Vector_single.html]
[bmcholidays.in/wp-content/themes/traveler/v3/images/chevron-left.html]
[bmcholidays.in/wp-content/themes/traveler/v3/images/chevron-right.html]
[bmcholidays.in/wp-content/themes/traveler/v2/images/svg/ico_close.html]
[bmcholidays.in/wp-content/themes/traveler/inc/modules/layouts/elementorv2/assets/images/arrow.html]
[bmcholidays.in/wp-content/themes/traveler/inc/modules/layouts/elementorv2/assets/images/map-view-2.html]
[bmcholidays.in/wp-content/themes/traveler/inc/modules/layouts/cores/assets/fonts/traveler-icon0274.html]
[bmcholidays.in/wp-content/themes/traveler/inc/modules/layouts/cores/assets/fonts/traveler-icon0274-2.html]
[bmcholidays.in/wp-content/themes/traveler/inc/modules/layouts/cores/assets/fonts/traveler-icon0274-3.html]
[bmcholidays.in/wp-content/themes/traveler/inc/modules/layouts/cores/assets/fonts/traveler-icon0274-4.html]
[bmcholidays.in/wp-content/themes/traveler/inc/modules/layouts/cores/assets/fonts/traveler-icon-x-twitter0274.html]
[bmcholidays.in/wp-content/themes/traveler/inc/modules/layouts/cores/assets/fonts/traveler-icon-x-twitter0274-2.html]
[bmcholidays.in/wp-content/themes/traveler/inc/modules/layouts/cores/assets/fonts/traveler-icon-x-twitter0274-3.html]
[bmcholidays.in/wp-content/themes/traveler/inc/modules/layouts/cores/assets/fonts/traveler-icon-x-twitter0274-4.html]
[bmcholidays.in/wp-content/plugins/elementor/assets/lib/font-awesome/webfonts/fa-brands-400.html]
[bmcholidays.in/wp-content/plugins/elementor/assets/lib/font-awesome/webfonts/fa-brands-400d41d.html]
[bmcholidays.in/wp-content/plugins/elementor/assets/lib/font-awesome/webfonts/fa-brands-401.html]
[bmcholidays.in/wp-content/plugins/elementor/assets/lib/font-awesome/webfonts/fa-brands-402.html]
[bmcholidays.in/wp-content/plugins/elementor/assets/lib/font-awesome/webfonts/fa-brands-403.html]
[bmcholidays.in/wp-content/plugins/elementor/assets/lib/font-awesome/webfonts/fa-brands-404.html]
[bmcholidays.in/wp-content/plugins/elementor/assets/lib/font-awesome/webfonts/fa-regular-400.html]
[bmcholidays.in/wp-content/plugins/elementor/assets/lib/font-awesome/webfonts/fa-regular-400d41d.html]
[bmcholidays.in/wp-content/plugins/elementor/assets/lib/font-awesome/webfonts/fa-regular-401.html]
[bmcholidays.in/wp-content/plugins/elementor/assets/lib/font-awesome/webfonts/fa-regular-402.html]
[bmcholidays.in/wp-content/plugins/elementor/assets/lib/font-awesome/webfonts/fa-regular-403.html]
[bmcholidays.in/wp-content/plugins/elementor/assets/lib/font-awesome/webfonts/fa-regular-404.html]
[bmcholidays.in/wp-content/plugins/elementor/assets/lib/font-awesome/webfonts/fa-solid-900.html]
[bmcholidays.in/wp-content/plugins/elementor/assets/lib/font-awesome/webfonts/fa-solid-900d41d.html]
[bmcholidays.in/wp-content/plugins/elementor/assets/lib/font-awesome/webfonts/fa-solid-901.html]
[bmcholidays.in/wp-content/plugins/elementor/assets/lib/font-awesome/webfonts/fa-solid-902.html]
[bmcholidays.in/wp-content/plugins/elementor/assets/lib/font-awesome/webfonts/fa-solid-903.html]
[bmcholidays.in/wp-content/plugins/elementor/assets/lib/font-awesome/webfonts/fa-solid-904.html]
[bmcholidays.in/wp-content/uploads/2025/01/images-63.jpeg-1.html]
[bmcholidays.in/wp-content/plugins/elementskit-lite/widgets/init/assets/img/arrow.html]
[bmcholidays.in/wp-content/plugins/elementskit-lite/widgets/init/assets/img/sort_asc.html]
[bmcholidays.in/wp-content/plugins/elementskit-lite/widgets/init/assets/img/sort_desc.html]
[bmcholidays.in/wp-content/plugins/elementskit-lite/widgets/init/assets/img/sort_asc_disabled.html]
[bmcholidays.in/wp-content/plugins/elementskit-lite/widgets/init/assets/img/cross-out.html]
[bmcholidays.in/wp-content/plugins/happy-elementor-addons/assets/vendor/slick/ajax-loader.html]
[bmcholidays.in/wp-content/plugins/happy-elementor-addons/assets/vendor/slick/fonts/slick.html]
[bmcholidays.in/wp-content/plugins/happy-elementor-addons/assets/vendor/slick/fonts/slickd41d.html]
[bmcholidays.in/wp-content/plugins/happy-elementor-addons/assets/vendor/slick/fonts/slick-2.html]
[bmcholidays.in/wp-content/plugins/happy-elementor-addons/assets/vendor/slick/fonts/slick-3.html]
[bmcholidays.in/wp-content/plugins/happy-elementor-addons/assets/vendor/slick/fonts/slick-4.html]
[bmcholidays.in/wp-content/plugins/traveler-layout-essential-for-elementor/assets/images/icon-solo-testimonial.html]
[bmcholidays.in/wp-content/plugins/traveler-layout-essential-for-elementor/assets/images/buttonpop.html]
[bmcholidays.in/wp-content/plugins/traveler-layout-essential-for-elementor/assets/images/arrow-next-2.html]
[bmcholidays.in/wp-content/plugins/traveler-layout-essential-for-elementor/assets/images/arrow-prev-2.html]
[bmcholidays.in/wp-content/plugins/traveler-layout-essential-for-elementor/assets/images/arrow-right-style1.html]
[bmcholidays.in/wp-content/plugins/traveler-layout-essential-for-elementor/assets/images/arrow-left-style1.html]
[bmcholidays.in/wp-content/plugins/traveler-layout-essential-for-elementor/assets/images/pushrow.html]
[bmcholidays.in/wp-content/uploads/elementor/google-fonts/fonts/dmsans-rp2wp2ywxg089uriczasexd86j3t9jz86mvyykk58vxh.html]
[bmcholidays.in/wp-content/uploads/elementor/google-fonts/fonts/dmsans-rp2wp2ywxg089uriczasexd86j3t9jz86mvyyky58q.html]
[bmcholidays.in/wp-content/uploads/elementor/google-fonts/fonts/dmsans-rp2yp2ywxg089urii5-g4vlh9vod8cmcqbu6-k6h9q.html]
[bmcholidays.in/wp-content/uploads/elementor/google-fonts/fonts/dmsans-rp2yp2ywxg089urii5-g4vlh9vod8cmcqbu0-k4.html]
[bmcholidays.in/wp-content/uploads/elementor/google-fonts/fonts/baskervville-ya9kr0yu4l_xorogbkun3kqqtamlrvlp9a.html]
[bmcholidays.in/wp-content/uploads/elementor/google-fonts/fonts/baskervville-ya9kr0yu4l_xorogbkun3kqqtamrrvi.html]
[bmcholidays.in/wp-content/uploads/elementor/google-fonts/fonts/baskervville-ya9ur0yu4l_xorogbkun3kqqvpmptvy.html]
[bmcholidays.in/wp-content/uploads/elementor/google-fonts/fonts/baskervville-ya9ur0yu4l_xorogbkun3kqqsjmp.html]
[bmcholidays.in/wp-content/uploads/elementor/google-fonts/fonts/robotoslab-bngmuxzytxpivibgjjsb6ufa5qw54a.html]
[bmcholidays.in/wp-content/uploads/elementor/google-fonts/fonts/robotoslab-bngmuxzytxpivibgjjsb6ufj5qw54a.html]
[bmcholidays.in/wp-content/uploads/elementor/google-fonts/fonts/robotoslab-bngmuxzytxpivibgjjsb6ufb5qw54a.html]
[bmcholidays.in/wp-content/uploads/elementor/google-fonts/fonts/robotoslab-bngmuxzytxpivibgjjsb6ufo5qw54a.html]
[bmcholidays.in/wp-content/uploads/elementor/google-fonts/fonts/robotoslab-bngmuxzytxpivibgjjsb6ufc5qw54a.html]
[bmcholidays.in/wp-content/uploads/elementor/google-fonts/fonts/robotoslab-bngmuxzytxpivibgjjsb6ufd5qw54a.html]
[bmcholidays.in/wp-content/uploads/elementor/google-fonts/fonts/robotoslab-bngmuxzytxpivibgjjsb6ufn5qu.html]
[bmcholidays.in/wp-content/uploads/elementor/google-fonts/fonts/roboto-kfo5cnqeu92fr1mu53zec9_vu3r1gihoszmkc3kawzu.html]
[bmcholidays.in/wp-content/uploads/elementor/google-fonts/fonts/roboto-kfo5cnqeu92fr1mu53zec9_vu3r1gihoszmkankawzu.html]
[bmcholidays.in/wp-content/uploads/elementor/google-fonts/fonts/roboto-kfo5cnqeu92fr1mu53zec9_vu3r1gihoszmkcnkawzu.html]
[bmcholidays.in/wp-content/uploads/elementor/google-fonts/fonts/roboto-kfo5cnqeu92fr1mu53zec9_vu3r1gihoszmkbxkawzu.html]
[bmcholidays.in/wp-content/uploads/elementor/google-fonts/fonts/roboto-kfo5cnqeu92fr1mu53zec9_vu3r1gihoszmkenkawzu.html]
[bmcholidays.in/wp-content/uploads/elementor/google-fonts/fonts/roboto-kfo5cnqeu92fr1mu53zec9_vu3r1gihoszmkahkawzu.html]
[bmcholidays.in/wp-content/uploads/elementor/google-fonts/fonts/roboto-kfo5cnqeu92fr1mu53zec9_vu3r1gihoszmkcxkawzu.html]
[bmcholidays.in/wp-content/uploads/elementor/google-fonts/fonts/roboto-kfo5cnqeu92fr1mu53zec9_vu3r1gihoszmkchkawzu.html]
[bmcholidays.in/wp-content/uploads/elementor/google-fonts/fonts/roboto-kfo5cnqeu92fr1mu53zec9_vu3r1gihoszmkbnka.html]
[bmcholidays.in/wp-content/uploads/elementor/google-fonts/fonts/roboto-kfo7cnqeu92fr1me7ksn66agldtyluama3gubgee.html]
[bmcholidays.in/wp-content/uploads/elementor/google-fonts/fonts/roboto-kfo7cnqeu92fr1me7ksn66agldtyluama3iubgee.html]
[bmcholidays.in/wp-content/uploads/elementor/google-fonts/fonts/roboto-kfo7cnqeu92fr1me7ksn66agldtyluama3cubgee.html]
[bmcholidays.in/wp-content/uploads/elementor/google-fonts/fonts/roboto-kfo7cnqeu92fr1me7ksn66agldtyluama3-ubgee.html]
[bmcholidays.in/wp-content/uploads/elementor/google-fonts/fonts/roboto-kfo7cnqeu92fr1me7ksn66agldtyluamawcubgee.html]
[bmcholidays.in/wp-content/uploads/elementor/google-fonts/fonts/roboto-kfo7cnqeu92fr1me7ksn66agldtyluamaxkubgee.html]
[bmcholidays.in/wp-content/uploads/elementor/google-fonts/fonts/roboto-kfo7cnqeu92fr1me7ksn66agldtyluama3oubgee.html]
[bmcholidays.in/wp-content/uploads/elementor/google-fonts/fonts/roboto-kfo7cnqeu92fr1me7ksn66agldtyluama3kubgee.html]
[bmcholidays.in/wp-content/uploads/elementor/google-fonts/fonts/roboto-kfo7cnqeu92fr1me7ksn66agldtyluama3yuba.html]
[bmcholidays.in/wp-content/uploads/elementor/google-fonts/fonts/lato-s6u-w4bmutphjxsipx-mpclq7a.html]
[bmcholidays.in/wp-content/uploads/elementor/google-fonts/fonts/lato-s6u-w4bmutphjxsipx-opci.html]
[bmcholidays.in/wp-content/uploads/elementor/google-fonts/fonts/lato-s6u_w4bmutphjxsi9w2_fqft1dw.html]
[bmcholidays.in/wp-content/uploads/elementor/google-fonts/fonts/lato-s6u_w4bmutphjxsi9w2_gwft.html]
[bmcholidays.in/wp-content/uploads/elementor/google-fonts/fonts/lato-s6u8w4bmutphjxsaui-qjcy.html]
[bmcholidays.in/wp-content/uploads/elementor/google-fonts/fonts/lato-s6u8w4bmutphjxsaxc-q.html]
[bmcholidays.in/wp-content/uploads/elementor/google-fonts/fonts/lato-s6u_w4bmutphjxsi5wq_fqft1dw.html]
[bmcholidays.in/wp-content/uploads/elementor/google-fonts/fonts/lato-s6u_w4bmutphjxsi5wq_gwft.html]
[bmcholidays.in/wp-content/uploads/elementor/google-fonts/fonts/lato-s6u_w4bmutphjxsi3wi_fqft1dw.html]
[bmcholidays.in/wp-content/uploads/elementor/google-fonts/fonts/lato-s6u_w4bmutphjxsi3wi_gwft.html]
[bmcholidays.in/wp-content/uploads/elementor/google-fonts/fonts/lato-s6u8w4bmutphh30aui-qjcy.html]
[bmcholidays.in/wp-content/uploads/elementor/google-fonts/fonts/lato-s6u8w4bmutphh30axc-q.html]
[bmcholidays.in/wp-content/uploads/elementor/google-fonts/fonts/lato-s6u9w4bmutphh7usswapgr_p.html]
[bmcholidays.in/wp-content/uploads/elementor/google-fonts/fonts/lato-s6u9w4bmutphh7usswipgq.html]
[bmcholidays.in/wp-content/uploads/elementor/google-fonts/fonts/lato-s6uyw4bmutphjxawxjeu.html]
[bmcholidays.in/wp-content/uploads/elementor/google-fonts/fonts/lato-s6uyw4bmutphjx4wxg.html]
[bmcholidays.in/wp-content/uploads/elementor/google-fonts/fonts/lato-s6u9w4bmutphh6uvswapgr_p.html]
[bmcholidays.in/wp-content/uploads/elementor/google-fonts/fonts/lato-s6u9w4bmutphh6uvswipgq.html]
[bmcholidays.in/wp-content/uploads/elementor/google-fonts/fonts/lato-s6u9w4bmutphh50xswapgr_p.html]
[bmcholidays.in/wp-content/uploads/elementor/google-fonts/fonts/lato-s6u9w4bmutphh50xswipgq.html]
[bmcholidays.in/wp-content/uploads/elementor/google-fonts/fonts/librebaskerville-kmkhzrc3hgbbcjq75u4uslyuy4kn0qncwx8qdp2v.html]
[bmcholidays.in/wp-content/uploads/elementor/google-fonts/fonts/librebaskerville-kmkhzrc3hgbbcjq75u4uslyuy4kn0qncwxeqda.html]
[bmcholidays.in/wp-content/uploads/elementor/google-fonts/fonts/librebaskerville-kmknzrc3hgbbcjq75u4uslyuy4kn0qnxaxmica.html]
[bmcholidays.in/wp-content/uploads/elementor/google-fonts/fonts/librebaskerville-kmknzrc3hgbbcjq75u4uslyuy4kn0qnzaxm.html]
[bmcholidays.in/wp-content/uploads/elementor/google-fonts/fonts/librebaskerville-kmkizrc3hgbbcjq75u4uslyuy4kn0qvitgy5kccsww.html]
[bmcholidays.in/wp-content/uploads/elementor/google-fonts/fonts/librebaskerville-kmkizrc3hgbbcjq75u4uslyuy4kn0qvitgy3kca.html]
[bmcholidays.in/wp-content/plugins/elementskit-lite/modules/elementskit-icon-pack/assets/fonts/elementskitf60a.html]
[bmcholidays.in/wp-content/plugins/premium-addons-for-elementor/assets/frontend/min-css/premium-addons.min86c2.html]
[bmcholidays.in/wp-content/uploads/elementor/css/post-807e6f2.html]
[bmcholidays.in/wp-json/wp/v2/pages/807.html]
[bmcholidays.in/index0d13.html]
[bmcholidays.in/wp-json/oembed/1.0/embed6a3c.html]
[bmcholidays.in/wp-json/oembed/1.0/embede4c2.html]
[bmcholidays.in/wp-content/uploads/2025/01/Udupi-1.html]
[bmcholidays.in/wp-content/uploads/2025/01/1-1.html]
[bmcholidays.in/wp-content/uploads/2025/01/VJ-Manju-2.html]
[bmcholidays.in/wp-content/uploads/elementor/css/post-14584a1b2.html]
[bmcholidays.in/wp-json/wp/v2/pages/14584.html]
[bmcholidays.in/indexa21d.html]
[bmcholidays.in/wp-json/oembed/1.0/embed36c6.html]
[bmcholidays.in/wp-json/oembed/1.0/embedb59d.html]
[bmcholidays.in/wp-content/uploads/2025/01/1-768x522.html]
[bmcholidays.in/explore-bangalore-tour-packages/index.html]
[bmcholidays.in/wp-content/uploads/2025/01/3-1-1-768x561.html]
[bmcholidays.in/explore-mysore-tour-package/index.html]
[bmcholidays.in/wp-content/uploads/2025/01/South-India-Coorg-768x561.html]
[bmcholidays.in/explore-coorg-tour-package/index.html]
[bmcholidays.in/wp-content/uploads/2025/01/9-1-768x561.html]
[bmcholidays.in/explore-ooty-tour-package-2/index.html]
[bmcholidays.in/wp-content/uploads/2025/01/Coonort-1-768x561.html]
[bmcholidays.in/explore-tamil-nadu-kodaikanal-tour-package/index.html]
[bmcholidays.in/wp-content/uploads/2025/01/chikkamaluru-768x561.html]
[bmcholidays.in/explore-chikmagalur-tour/index.html]
[bmcholidays.in/wp-content/uploads/2025/01/Munnar-1-768x561.html]
[bmcholidays.in/explore-munnar-tour-package/index.html]
[bmcholidays.in/wp-content/uploads/2025/01/wayanadu-1-768x561.html]
[bmcholidays.in/explore-wayanad-tour-package/index.html]
[bmcholidays.in/wp-content/uploads/2025/01/14-768x561.html]
[bmcholidays.in/rameshwaram-tour-packages/index.html]
[bmcholidays.in/wp-content/uploads/2025/01/Trivandrum-4-1-768x561.html]
[bmcholidays.in/bangalore-mysore-ooty-tour-packages/index.html]
[bmcholidays.in/wp-content/uploads/2025/01/Trivandrum-10-768x561.html]
[bmcholidays.in/bangalore-mysore-tour-packages/index.html]
[bmcholidays.in/wp-content/uploads/2025/01/Trivandrum-1-1-768x561.html]
[bmcholidays.in/bangalore-mysore-coorg-tour-packages/index.html]
[bmcholidays.in/wp-content/uploads/2025/01/Trivandrum-6-1-768x561.html]
[bmcholidays.in/mysore-ooty-packages/index.html]
[bmcholidays.in/wp-content/uploads/2025/01/Trivandrum-5-1-768x561.html]
[bmcholidays.in/mysore-coorg-tour-packages/index.html]
[bmcholidays.in/wp-content/uploads/2025/01/Trivandrum-10-1-768x561.html]
[bmcholidays.in/ooty-kodaikanal-tour-package/index.html]
[bmcholidays.in/wp-content/uploads/2025/01/Trivandrum-11-768x561.html]
[bmcholidays.in/coorg-chikmagalur-tour-package/index.html]
[bmcholidays.in/wp-content/uploads/2025/01/Trivandrum-12-768x561.html]
[bmcholidays.in/mysore-ooty-kodaikanal-tour-package/index.html]
[bmcholidays.in/wp-content/uploads/2025/01/Trivandrum-13-768x561.html]
[bmcholidays.in/mysore-ooty-munnar-tour-packages-2/index.html]
[bmcholidays.in/wp-content/uploads/2025/01/Trivandrum-14-768x561.html]
[bmcholidays.in/bangalore-mysore-coorg-ooty-tour-packages-2/index.html]
[bmcholidays.in/wp-content/uploads/2025/01/Trivandrum-15-768x561.html]
[bmcholidays.in/bangalore-mysore-coorg-ooty-kodaikanal-tour-packages/index.html]
[bmcholidays.in/wp-content/uploads/2025/01/Trivandrum-16-768x561.html]
[bmcholidays.in/coimbatore-ooty-kodaikanal-tour-packages/index.html]
[bmcholidays.in/wp-content/uploads/2025/01/Trivandrum-17-768x561.html]
[bmcholidays.in/mysore-coorg-ooty-tour-packages/index.html]
[bmcholidays.in/wp-content/uploads/2025/01/Trivandrum-18-768x561.html]
[bmcholidays.in/mysore-coorg-wayanad/index.html]
[bmcholidays.in/wp-content/uploads/2025/01/Trivandrum-8-1-768x561.html]
[bmcholidays.in/mysore-coorg-chikmagalur-tour-packages/index.html]
[bmcholidays.in/wp-content/uploads/2025/01/Trivandrum-19-768x561.html]
[bmcholidays.in/mysore-coorg-wayanad-ooty-tour-packages/index.html]
[bmcholidays.in/wp-content/uploads/2025/01/Trivandrum-20-768x561.html]
[bmcholidays.in/bangalore-mysore-coorg-ooty-kodaikanal-madurai-rameshwaram-kanyakumari-trivandrum-tour-packages/index.html]
[bmcholidays.in/wp-content/uploads/2025/01/Trivandrum-21-768x561.html]
[bmcholidays.in/madurai-rameshwaram-kanyakumari-trivandrum-tour-packages/index.html]
[bmcholidays.in/wp-content/uploads/2025/01/Trivandrum-22-768x561.html]
[bmcholidays.in/mangalore-udupi-murdeshwara-gokarana-tour-packages/index.html]
[bmcholidays.in/wp-content/uploads/2025/01/Trivandrum-23-768x561.html]
[bmcholidays.in/chennai-mahabalipuram-pondicherry-tour-packages/index.html]
[bmcholidays.in/wp-content/uploads/2025/01/Trivandrum-25-768x561.html]
[bmcholidays.in/cochin-munnar-thekaddy-alleppey-kovalam-tour-packages/index.html]
[bmcholidays.in/wp-content/uploads/2025/01/Trivandrum-26-768x561.html]
[bmcholidays.in/goa-tour-package/index.html]
